apt-transport-https
build-essential
ca-certificates
cmake
cowsay
curl  
evemu-tools
evtest
g++ 
git
input-utils
joystick
jstest-gtk
libasio-dev
libclang-dev
libegl1
libgflags-dev
libgl1-mesa-dev
libglfw3-dev
libglu1-mesa-dev
libglvnd0
libglx0
libgtk-3-dev
libssl-dev
libssl-dev
libtinyxml2-dev
libusb-1.0-0-dev
libusb-1.0*
libx11-6
libxext6
libyaml-cpp-dev
llvm-dev 
mesa-utils
nano
neovim
net-tools
nlohmann-json3-dev
passwd
pip
pkg-config
python3
python3-matplotlib
python3-pandas 
python3-pip
python3-pip
python3-rosdep
python3-rosdep
python3-sphinx
ros-dev-tools
ros-humble-ament-cmake
ros-humble-cartographer*
ros-humble-cyclonedds
ros-humble-image-*
ros-humble-imu-tools
ros-humble-irobot-create-nodes
ros-humble-joint-state-publisher*
ros-humble-joy-teleop
ros-humble-nav*
ros-humble-rmw-cyclonedds-cpp
ros-humble-robot-state-publisher* 
ros-humble-rviz2*
ros-humble-teleop-twist-joy
ros-humble-teleop-twist-keyboard
ros-humble-xacro
ros-humble-zenoh-bridge-dds
software-properties-common
sudo
swig
tmux
udev
unzip
wget
